abcdefghijklmnopqrstuvwxyz 91
zyxwvutsrqponmlkjihgfedcba 91
abcdefghijklmnopqrstuvwxyz 131
zyxwvutsrqponmlkjihgfedcba 131
abcdefghijklmnopqrstuvwxyz 155
zyxwvutsrqponmlkjihgfedcba 155
abcdefghijklmnopqrstuvwxyz 125
zyxwvutsrqponmlkjihgfedcba 125
abcdefghijklmnopqrstuvwxyz 83
zyxwvutsrqponmlkjihgfedcba 83
abcdefghijklmnopqrstuvwxyz 99
zyxwvutsrqponmlkjihgfedcba 99
abcdefghijklmnopqrstuvwxyz 81
zyxwvutsrqponmlkjihgfedcba 81
abcdefghijklmnopqrstuvwxyz 95
zyxwvutsrqponmlkjihgfedcba 95
abcdefghijklmnopqrstuvwxyz 89
zyxwvutsrqponmlkjihgfedcba 89
abcdefghijklmnopqrstuvwxyz 105
zyxwvutsrqponmlkjihgfedcba 105
abcdefghijklmnopqrstuvwxyz 111
zyxwvutsrqponmlkjihgfedcba 111
abcdefghijklmnopqrstuvwxyz 85
zyxwvutsrqponmlkjihgfedcba 85
abcdefghijklmnopqrstuvwxyz 131
zyxwvutsrqponmlkjihgfedcba 131
