abcdefghijklmnopqrstuvwxyz 119
zyxwvutsrqponmlkjihgfedcba 119
abcdefghijklmnopqrstuvwxyz 87
zyxwvutsrqponmlkjihgfedcba 87
abcdefghijklmnopqrstuvwxyz 97
zyxwvutsrqponmlkjihgfedcba 97
abcdefghijklmnopqrstuvwxyz 85
zyxwvutsrqponmlkjihgfedcba 85
abcdefghijklmnopqrstuvwxyz 91
zyxwvutsrqponmlkjihgfedcba 91
abcdefghijklmnopqrstuvwxyz 77
zyxwvutsrqponmlkjihgfedcba 77
abcdefghijklmnopqrstuvwxyz 75
zyxwvutsrqponmlkjihgfedcba 75
abcdefghijklmnopqrstuvwxyz 79
zyxwvutsrqponmlkjihgfedcba 79
abcdefghijklmnopqrstuvwxyz 111
zyxwvutsrqponmlkjihgfedcba 111
abcdefghijklmnopqrstuvwxyz 89
zyxwvutsrqponmlkjihgfedcba 89
abcdefghijklmnopqrstuvwxyz 105
zyxwvutsrqponmlkjihgfedcba 105
abcdefghijklmnopqrstuvwxyz 125
zyxwvutsrqponmlkjihgfedcba 125
abcdefghijklmnopqrstuvwxyz 101
zyxwvutsrqponmlkjihgfedcba 101
