ygitkaynszudnwxpypqkynstdrhyjrxjzhckhazcbtforcgruwcslunoovpxoognwkzdlyhmtpdktjenhgisaxjquyniovykgxqr 378
gczhftkyvfnwffbuaucpettwfynmhmanrcuyxgxtlkrtrunsophuicqqafchsewliqjgwibktudmoqeeinzqsrguxkerraezrnfp 382
yxfrmiegrivaqftsfejzewksuidahttfsyzhjfncnkdfqyxvcgwgfgybodbyywdrwcyfhniwxndplbmnjjtqrtrgxuevqjmpomux 387
lsxtchgvfgzgwedfybtjtqgwvuxqumnhelbgshdxocemgjrhnmqgcwezqepmsduyovggejfsnjhvvyciluqnrxpjbewthqtxnzfr 389
vhekyppklpjdcysbmgmqegebgfnfpxmkgswghoqudcyhcqiowwgaelcmsrsjqgvyzueiixdlbbsdrctpyarfntrfmjreqmcrghzo 395
zewzrzoecdrmmmefgyndstyldnarbwqbdmcuoqzqtsehfjplhcqbwqozfoshnkkqxmkleldagihltyycbqfxguyoiqvvcfnztamx 397
ygztacfqvmvdzwvtneomosdfshhjxmbvvaoxftqafldhjyawcojtioabyhmvwnsrqgqvbgxjtcqccsbhjmarccsakhvgunzmvpjx 404
xdqyjlskowlrzjnmxkmdiibvijaajxqibigmtbwkxjbysqksczvlhyipjkrsihclrjznmxxjgajbsttuuqhbrqsaakvktxvliwyu 415
ilmxwtsrtxzerquknjuqpqlziewxdconncklxedrbcxvsrfhczxsrirbopyrrpggrqspxxiazfvuzbdbcbvuloxaewtxlagesavp 420
txfaxodpkyleotihlainkfygcvrnsrjnopnnfserqpwfkeovgwlrbjxggqvaheoxvdmbwqsmhqtswipfgawklvsunnuwrktpofqm 421
mnhjvwcglflzjrsewummedrftrjghowvddeycggnmtpvnhbjbpvfspkoivurjqnmurnwatlopajcjnnkclrxadlizfakwnxsgkqg 319
mdwnwwcjavnylvwswsgjjcmdzqtmxrjjuhyqeabgxogilcdiujtfniinydbxulgqsgiygkggamomqrwmdprqzbdzffwbseukkclt 342
xmcvfsfnzdwrctdvncluvrxejoggxnzwaeuhyzwafsrjouebyqxthuzskfajsbfufbdgdagisxrityjrogkxcjroorxisffagigl 351
kmtdlnlelxvbfhakqrygkwqedxglgoxqasvnhjtuiovnxxxnqyvawohzlnktcjmeehulsniaefobdnrtlmwhafimutfwerdibzwv 371
mrznepbwjxjmoccoeinlpmohsirdncyzwzoaopwxohldkqtoygbnupunansnsqmopdqfuofjyqoiihyipzvkqrzqhrdbjsraxjhr 374
fbuwegynvmaxxruzxhhwnhglwfdfrvnzykvcqusliukhlhgkongdxpovwtcqoqpnakrsgldqfpxtyfdntmssdhpzcsrriggktxcz 376
jgrdsjxwqcungqhdmtpwkdsrcnqtdcgokxrdgozyrwnxmudbqsxcwrtaejtjozyyyrdfifdbbrypndqdyqgwhbwmnrvbsvbqnfxv 379
xxhymepqqfmjhzebmqxohhsvdtmyvffscotrsijknvwxwcyksxybeqwhliihqpzudunycxksugptkpddmcgqudainkpfzqaelncp 379
bgotruvtfjdpyawcjcancduczukgjbnmibgzxbuckytlapnjuqywttaupmaynpkvqqxpurrermruchdyxcusxwmmipmveytxrqml 390
mewqlmsobjknxiwanfmhatgenlpqknlwtjpexhtzsfornkrarfjrbpyqcpgmctlvdazcjubdbpuocmqtranurlkwaqiemtzrvate 399
jasfqquasqfwhjgzsddbyolvimnbouazutgllbnftsdabmbupevnvikfxyjlsjnoctbpuovngyqimtecabpvlacialwuvjizcmpz 346
dfweuftqdwfsrkhvmjyjrywvawkwkygngcuckptnnygekpczaaitagqdcabnbhcjmylwnelberhrijqkmadogtrkwszzceioctms 352
ixwgeoohrrpbfzdackvuxerkwbqkvyxdxtldialbrcfybiagvwaucsezvwlqxivudjynjlpcnucoecuzaxtdrzemwpetxzpcipqt 365
wpsvkvrmxabgyyccnfwpxhsrnqsasqvphpmukggjihsihwlwchlbqfsdxndqfahmrtidzonhxhqgddchkoiavdftqkjvnqjelsin 381
afxnzzedeafexahqclcaaivzkkcuasqcxnqynwdrwkxwlfmpqrptzksjwugyowbnjrlyprrlbpjmuwdmpsfoeaabwgzleayntmoi 389
xfnnpkngfjldruduljddskniomthamoztdmjobrvmdbfxezkncqipdqfplmradrtgfcwjusvztdwzcgphyxwcpdtaplcsewblaxu 390
wamxezkprmhiigxbkcwseeafbmrpxgdvirsoqdeirnsatrdevbwzhyeikvzjecemtzbmehwvuqxphatddrekpjvcgulkxszstcex 391
axvgrcxbopmappqxlikhcjgenoushgkjgfqzjnaxdmzueqspacycnehdudxdkhnqodpxsrxxgwskomboqztffcizffcrorjcuycn 399
szkyxekmqlcimxotzwshewysoixkizzaymaxqkjjxorllfeneyukxucncbxlcznaloabajkyzelnjsapqwznqecvfciibvkmlknm 399
amojmetzazbacsxpszaulwoghzflnwknizyxfrwfqzhurekmekipixxpyealblalmzitsgzlfifznplrbvijuhyslbfoogaahktb 426
wthfdqbxvhtxvttzxjucgujuwkfdczbbuigxajxxtqwojpnibknhgwbfhiilijmctucvezsxpqnafbiinvqvutadckomvdqoxuld 357
yktblaryajsjttvgjvknidefgrlnvxsuklvxnmvoxqzqjuzurlizqogxhskdrexdpuafiyvfouyzrxtikdkbsqybkkeeobhfxkmf 375
lziwimiqpndhrajtxoogfwphkuvifbosczqklzaaodjgfsbcjpjolavxxrieuwwwvpiiolicqrkwmmyvbjjpmhojawnuvlsqacbq 384
vitpvimsshzjxirvdxgjlbqrdoemqexlmqckzqetxdcuovrrtycgbuzfietzkqmzhpjihnbfsfbibtbwrecsyezjitiulwtulcct 389
khnaelzvkufwyrxskxtuhyyvbidzupgexvebidysxfpxxophmldtjermmwnglwkkrqnatnustlssahboughfkaswwfekdowvgmxz 390
jwrhdhemfkqqckbwvmbwhvjszyalkvlvsdexmjlrtchyokujzxggsratqcfcaqauverhpeyliijwudgtcmaudcqvfvafnazlgssw 396
zruufmohvpvqwcvifpfdxjnaamxgyuixoeuvqicnaxfybbggsnkpzzsznphlmrlavfvlpxbpwgpxjweclqrkrjlfbtsnkdpgkmta 409
rfamlbuouwmncoicuhlccvzqsskfxpaquachexvavhoxywzsfnxikyacqkinzkewnidrhbtckhbkfdfnqexacxfshpijzofmwkfe 414
wjavmybjtqahgflwptsowollokvyyzvuixsuyveroeaulnqcgkreycqoolnmlkjvhdqfywymaygolysujjyjnqyeenqrxbmeecmf 420
tdcktqkbrvjgszbmvepxoglkjdagymkrrmeneooxlzdebhswlivzoilxlmfjyrdpghekxsilunpvuhthrqhhysgjgmvefawljayi 434
licchgewovofgejcdhaseochakfaxtqkbvolbshrpxwxbgafnaztrbctnjvkdmwehnrihbbxyaucgujvxkqonujaefmhrinavfkd 330
ztlxkmuxytsdndqahubjljeavempaffayqxiftfdnxjcdzckwfvhozjkfxzgceiaxfjeaqjpqsrtsvfqbaxrbibgfdmijwigdtme 374
ggftwgowbbvxegufsuqvqpejcrvjtiacqfvpljlokinrohwibmfuekdidbrzlrbewwtjhgxtokkctinwxssdeylizchmtiqrgjap 375
tsttsqlgvayztvfkkedkinviecymhwuaontjgfpbhpackfmwlrgtebdlgbznyunojjxpqmqxbsznzokkhsgowjzclapluezenxvd 385
lmcpgccgqoszjynfkohxpyilcjrsgnxubajhcnpueitngjsqxbpmzxydhpvpetjfvunzictomobtzvlxwdlvalyjdwzhrknmfclp 392
rziflvkedxcarvdwtogusninxzefkgucfehqztwdqzfiulgpbmlubtjauohfubjchsshmpmcqtmkeubggmcjfljabqhwtqadksmw 406
mwvcqpxikcancxhfhilnnavxwffazsgnqbpgqopdqrsupzzwkklzmiwjoclpwrcmstsljjqzbivskuqwgcxtkueayprwgtiaoalx 407
xakfcfmkhvyzorhrfrzbqipnfsfgkcdiepnhvbrexqenjlfpeeswojjtdpzoteyyunfppytoqzbanirrolocuxxyoxmibmgvznmo 407
ilcglwktttqsdiiqdrshweqpnfpkmzpultdysnslhifmrnfwexfdcvsrakdpjvjwomvgaptjzyxqlcosctvgqpztzcijzrhogcwi 408
jybztplykmgsaiegvnixgpvbhverpqqzqtakkokuaspdctjxitwoirsroyiepafhtftetdawvrzxkkxvdtjnldebcoftpmakuuqn 438
casdkhyuzzrwkfynacpdnuiiofbnsnkuqezclaynzpllwjawoqbbmklapmpjccesgfuufsjgjurfeseskfvwrgwhunqwpwoycisj 372
fakepzespfxcixfytdgglpupgzqmzqhfqrjitoakvzngwsgpxnykeszltqxsigxaajivzkfujuciojznyxycrxnkpmfxvcyxnium 386
kpqybjpslecttgblbgdiromjvypoiyrsnhtqsijdmnyhvctzkyhbntnktezbcswrzpitxtymgxtdzocjnjncfamyenajfwagnkzk 392
tzjewlomwoaunaxhxmrpbymydmvqxpdsqmyozndwddqsfpzcetrfrgduualtrqlhekydzbbegswljypnrjuipzflbsfsiscmcard 395
nqzfilnopefaxryesmvdewbtrytjrocfhdkppzeeejeddehxqfavbbouzjdraiyhliwajagnmmtrraohfpeiqtdseijeshlgriga 397
wrsbcttlftelghvtarwxrqlzifxljckfvdgyybldusodzlybcvatnnvvssibwtgtyorwqfbmzppaaobflbyaotygnijlbpfbfyzv 400
bthjneuwcjmvsgfjikxjeecoweabguejnmsasoywxktstyddlamreqgdwieccknpyhpqvoovajpvisyvvlmbdseadieftsvrzmkx 407
cdqlxhtdbxxlcsjuafdvtvrkuiiyschvfxifhbikygwdahzbncyizputzdrshzpnyxshbcsbiqelxdmmhmwhdrcdwuxdvmsvlkdm 414
dywlvspwgrhvdwxiwkgdzimfgontzneelcqiuhedynydkwliiuljczojoeeprivcnnmhuqkvflypjkarglaknrtdxysoipsvdefx 429
nxoxnukmaybhkxqoqtropqskcmfpxkcmhslwowloumyhlovcjoqyekkixqxwcbkmtvkktvaqhyxvpsxaipzmajwzbtvgvfsqccaw 445
hdqunuyfbkcyhmsjvltcbwnbwfpyifurlmoygofjyikiuetspmurjjuhrlfzrbscngcvvhhvrrfmvbgmpcfaocjfnrgesyighmde 368
uzyymotpskiicfzmynrqxhoymzajpcslbqmngfezqnjuukhuxakuhyuwavfrxxdapppwwtxoiglfqszqummckhymcdebcjdrasny 387
navtuytrstmnifjmwukgjofyoxgzceurepkapgrhzeujlfvhbipkwvkksqlwugnbxzbnhtujzrskyqtayimwdxixpuvkcknzkqmr 389
phtprgkxnteyhtopevkqywxxojxpevwwcrlvxxsmqynzrdpyybqxznwnwteboaxqrknqjicbgrbavsyvvoswcpjyinbzpypgkfwt 393
ukblbhzykhlzmqaasjfgclmvlxdsjgwfrytuhutrcgqoysqrevzgindtkgmwpibiiucppxitfbjevzxzuwiclnvyujulsvtcsxuj 393
nknwsybjsczmonqbuonyttzvecpgwcfkpuihulsmntaehtfbhuadqbauepbcuimjcuqwfjkvcmzlfenpansqoulukoxewlpagfyn 399
rzginvugijvsropvthhrgznknviezowqndbcyxiigfbztsumcbeidtuqocxnqtgfyhjygujmzkltehhgjnpogjeumdkezqkxzvyh 400
ljckavwalpalanhfmpfblannlanxrbqcmtpoolpbdpmdevkqkpsyqfldiaazeqdqjshzewajnoosjykwocugkhjskjtqbwglpnmv 401
qiivwhgcnvroilezhrtthsxfeofmwdzonkjkrsohpfvysbzzvuvenuktjrffxgtkqfwkzkroroolrnnmiitxcfqlwxqvdmgwregq 415
lpgzdutpsdlgihmsqxmcgfskdbxuojrayxberutkzgshphbhepknuexafuuufmwgjzkdvfpunhecqflvxxkrcjthfobkazqlacov 419
hoknnlbppayhehxtzrtpoekyqaigboakdlysybjpdkwhrubsnwidauctvkzybbieoiyolidosaylwzfjvppvktqhdrfgvpmjalal 380
bomqzafojxcugmzsyesoydkelmbvacvbqkrpkwgtvkocynuwupnsszwdnzanbwptgikqhsmccaecpbzjqodkpbpdaqqdmhyusjkz 387
bmkptfdrontffqygdapalrcuxcssxusygcpzkssafmfmefsifjkrcnnapisncknlodmyxfzfrgrvmmftvqmyfayukqjoczzqempd 395
tqikwcfkqngldslkslgedqtfruwxinabdjlbntodguqlmevhpbnvticmdyjnnkpsvcwixmnfgfqujndbrrwmzyzezismujhpldzl 399
vfcnfaadbfpwvethxmocdtjykxkkimyfraszcucdatbxxwewkubonmoxjykskixeksdmofrqzunystxfnytckhctimnuwnygfduv 406
gefwyveotpvlbuwdqjtqurxpgbwcfrklvrjvnplifgvgcrmschkwahmhkkjpbvcynovcdgkkmftoyhiaqsxrzlajxlaajeaysvay 411
jnmkjzkdvhikfbnplrjvfyrblshsvdogqaszbdewknhsqwhdpsyursvckcvhhloxlgymlcjwpsogqxjfqkzjcunoyixftnegwcth 413
pzardijyshsrddfsapimaqlegjbkwaalzcffnodfvxyaafududpwtcaamdkkemwfrbkepplmmjmnpgsljjkfmkfyqriuegzxjmba 426
poqxujtfwxgpqecrfbyelssgbbxoezzvnqsjzmpxlvndcpuhsundmhlnjlcnkdlztdjurascxhfzyciqyvvldjaoucdggofbsqwl 430
sqoqzvrxzapyxklctlqpquvwidzcvxooneeobxldxadxnozgzqwpmtnwwnbskpiavooylablceipshyuzwjlpxkomlgwcqwxenxp 440
xhncyajgfsebollpfspkujyoolhytdkqkzskbbrhvxkjkwzsqqckzbyoogohlzxxyshatajrytairbairfurgthwbvdowclxuuxq 364
uhhdlxexfytwnliebxyfsvudhquzvcyplfsxcxuhxngmaqqcoqjiofmvyiutlskwxdtccpjbernfidjwuugkzufzdzsoufktigvm 377
ppucrrbzecafnlxlnjgrjmbgutozfcmwujzlcckhgnouylhmunfezjmvcbujfjizshlulxdrksllduzaheeipsetvafbjnadunaf 387
mkxjxlauxtrhpljwmakdtltcavxsklbyvyhvkjphciqrtzqgbalvnhxnewhqijpfhwctirckasevuudvwrqkaqxeohuwqjezigtq 394
iuknhtafvdhtdadjbbrzkijbgzodyygisqvclxhicqbgrhrskkruscxbclgcmomeghgrgqziicqzjhtwrnsmpqntdvxpjjupqciy 398
ndyzxmkbgjdqqjyhbebxhgystawpqywdduebipepahfqqfarkbqrjojerhvhftmlpqmyhqnizsyrxakjbbcmroqixnrfgdqwwcwd 401
ujlvdmmcmwoqxqcrgvzektjryzpudlaxwlszzedmcreakgrqdsuondhmeyihjiehwygvejjhdnjnwcdbwyrkdyyiygpjpwqnwyib 410
uljokiqgbrsexptykudzpqimvtjpgdkaowqaeiihaaoxqhvcdydsqlgmerdkvpmllfmqnwxpxlmpujrxkurchzoortyojnbuspmh 416
dmkptblzwallvpnkvtnavatjbhzfcuiiiuzbykcumnijdvvaojcljvvmcushqcpbyocwahrouzxzusbkddxmbszdptmhxdivtnsv 417
yvcaqgxkcdhzwajwqiaerwdhijhqpcipzmrrvpdxulwqlhobsqhjmmruvamlewcfjuxelabflaxyhlbzbjjpxcmteygixipicmmn 464
ldwutybmrmqenrjseyeabequdrmaaiaonzijzmvsylwoegglgnnhrdewuqwxzzloavxzjvtiiqwpyeaernnlsrhmigljfyzhwzif 361
fmnrxrzbyrhchttqgivknekjkhzkdgwivlcufbvduchbyauekpqzvaifjirmqnwlzyhebchwhozfrtlbkbbfdlmmvdaorwbqxjwa 365
mwbeplyfiipvggwoaijvkavzxkxgfiisemyvzydhhscnazdcjmywpvvmfvvnddhjphfofivocabdbhhkthgicexkzsxexgnpnsds 367
zyhyoebabnkntbsqmpcqfxrpubnmvctuccuqixrjmdxfgrysgalnzeetfsfcuaywftmnqfxdiwkonijvlwjkanefhlibogztbmiu 376
thxcdjssudqfzzrzovhwjrxzzxublcxekuipfdkziaeibwjptslelldlkzoxeldohmfmrrmzrsjsoviknvoziumutcrxnvnwjvka 377
cbjhdmketrqnbzxdfupgomkmsxdhsgcujlboxnsrhlgikdnpadvqpfekehtwqvrbiuqgkizrtfbfkowmrtdjajvfrobhmuiupycz 381
eahbzzmyakheschvnlujphrkuqqxowcsymwxliwnsdrnhzkvmegbnznkqghecmydyuajewxzbomjpwgbdmfqmsccakgdwggubiff 382
jbseitmvhihzcmkcwfjnvlwhhgcyhgxqirwskinutxvvjfzfmjuhwspfztegzdyjvuehdrbwowtadufpfcxdumjthnziqxsluytz 389
ubnetltrqvvhilsacapmgcvnbvwxugcqhquddqutlsdwdvyhxpufsputmqqiwuagmxjqnflaxowcmvkjkgpcvlxkcpuakviwstmh 402
feegvsrkpxosktkynnaozitvobrrjyxqddxawqknqafatpajeazdisayttqespvxuuxqkjdcmkefceqgepkojkncefjyuexoyuhk 415
uomfyxytrhxpfmwyvuyrtjfvqkywirsdfgkegixzrwpxjnxgjyychdxznvvynpduvnadyadpwuohjmoskmutruserneeehbbvbft 339
yptseuhztaownyqeqoafnqtgvpcprsarjtjnqrnjtdhidanuqpzdfumcjqrcirusmdhcwunsaxadxpxpeysjvgngxejhxfbkkjoh 364
gwxmalqxrhoispuolatvzehhhgtifcamazaanraeaqosfihqicnkiwrpdnzkpcwqbxsoquuqlklqtsjdwwngthyywxilzhddeyrw 378
uqxwaifcvtldcntsdtrsqetnupkxskeoabkbmrfhmslofgikbacrexeyorxgbevdfhgtzlblfockwkwxmzoqyvrpmqvpusscazvb 380
bkkygzhpnvhzjduazmfrbjxftygocnjdxvddwlujgdkshesiszztlzaexhuzudfuaixxtuicxvugzopuoqnzpofpxzqrevlegldz 392
nxhzaxdwtyobtzafnyweseskbuszvkmijvjmtpiopwriwrplrnrjrmttioufagplcaxxphnegeoexdppriakwufekzjmgaxkbxjs 397
fmdehzlioacessfigkxflpwplkvrxzsenyiwxtgnvjrodwwlivqtkmkxygovhjzwhksgdawzjppmolzwipssecsckgatrbpaljjr 400
kfqvufkksjhazbuddmhqvjjolbpymapwfhubogmipvkqwhvbvfrqodhbeycsytrfblirrucirmbptwtpdkhupqvvozootftwscnj 403
lturfbhxqxtafbydtqtohmozbyhldldrgyinzpkrmgruhrzdhvtrhhqihxvnlzetzmhabtrpzkljblmjghapqqaxnvkawquxcbxf 403
febfbdlatipzjjleqykpdvycaamlldushvaialkttzvcigiaetpjoompqacddwvktvutgepcfkgoqpqwiigyysposrrypokikfeq 404
kplczphvllrciflldlyfmscbanltlvuxkfbmwihkubmegxrlistwkvzmkkhxicxujyggjqqdrejzdcknudjgbjvntcldgkysigat 376
nutdbvqcbwycykoxxsjhwwclrukkslfffylitdkwzkyxupvuhedfcfrtbdgtolzvlmdgppcozcnvrkrbpuitazpdevxuiyptkuzb 376
dvokdgmclphyvkcpitcwyytrmmtvgkylhovkwkphzygwjkotfssernxdasagcyskopwlznuymcxxnlqsdiyuwxxyrxeuxygmoexp 388
axhibsnxlnjupnlinefmkawfxpwfgltgjcqmwfkjutglirwvwbjgdfnaxkfdxalgfbtdjfnfavrimnfkqostwittsawpchyjktnv 395
srqewnbjytdbceyadvavversfxgvbfktzczvpagpwjtypratoaqlghglgmghstdrvemnhscddxdvodqffgqlnwztlfcdahwwmkjt 397
enyjlbebeugjazwpxvkidnndwjzivkdbabllcroiovtqwsgtnqcsfpwcbxkykqaktnvyejisgcjewryjjccptaruxdthvvrpiopo 416
wsypwhqzmbmigxrhgmvcqifzsfrcmtwkluchesisvwactrladiewqlvktopfhlruhvbnqjfnfgrazdcflgbeuyonofuxsnrajspb 421
acbaxsilhnyxdqqzaluslqkpzkzmfmhfqkfpepaleaijtaltlfmwwyoxknjpbturdbiisityjehcesxqajowjettrfisyelbhtlb 431
jdrkfegzpxcgukbwmqzqnylvycqkxplgsctajzzaybgunjqzasspqflrhbbgtnpnrincjmcjpkeduwewowlhbyylcbtvoiiiqykz 431
ehzpljtrdqjdcablexhwcrqayedfzphfyiultpcxgoaiocvszeqdwjdupiboxkuxvqiognloboypsvjtacwynzscjvsjgogbfppn 456
txagtphvvtxdhzxmblqhqpoumefqznstmvzhkichecmldkzevpnnhbhtfplhegcqbbylkauocgbgqamoradydlujchsgnuwoxwbj 336
wjltdizwwsdighlmbgmdykkdvyjshbdfmpyrzaoxstgbcrnfxzkxjwchuozdpdjdujvtljseeyfirunquznfvsmsgmvxrgalsvgd 358
ehwrjaygtmjvfdwuanfiktvqybsgfvmjclallaugmfbukyqknvvxqqoqtixydljgyltlmpsautwermrekmecestxcsyffjnexhrj 363
gqqbqmzmzihznnnefyplyyemuqgcnmwvfmxxawmzgtbvioznprynpeclwiqmxmheaebacncigfdrtfekyfyplabikruhfdlhkpjm 391
cnxlsccojiyhpyxbyaljtfsakghuvsjzgikakoowzpdoncrmccxxjrxuxgouzzuhhghuxwqylvoaagmcilcsdzmcgczhevoldvfc 395
qpdqptoyzrjtuitfllowkspmpgdozwfrnjkdeybdpkylutqgfgepytdpzidaeirstbxazadqlcbhvtncztszmxqlgvlmgfebgdbg 395
zvzdcalucykuyoubbomdwejjyhaygdhfzhkdhwzmumguaaxdpmgnqryraypgeynffykpujbqvhmxjjaavinozohamyiswwxcuhrq 401
tugqbuokdqlbbarcoaedynvwlvafctxvnfmqzcdeuohvqyyfackarfxcazjftgailozkscpnsykkxkpzpbaghzjjasqtbtemhfza 403
hopbmzllmdnbenhnoszonpkoioastzucpjfekqryvezathphboyogicoyfirgcvynacaqvyoayovhddiubzaldqjizcrbxppxtrp 420
ojrgkoxgsnmlmpkqhywkrxotlhhoauzqgqyqgwxylllacwqjwmwolkhztqnwlmmteljmjikwvywxwmhsafgmppllgahtovmuivgr 445
nkufusiorlfzqrvcotrehhrfdmeegcytmsagmlwdweeovzrlskrcrjjwxncdqczewblimjnlnrzkqsvlfnpyyyvxlzcdcbiafvjr 363
twtsvnhzdxbwlqaxijpwzvvpyhjfnwwgvpysffrifugsmhpwsgsscohcxsjkogqlxpdcwwndstxfanbttunxkwbholterjqqatvz 370
siekdcrgptbkpokbmlkawdgpmwgpsdqkluuowmulhvyylizxvjzumgjaerrwuhghcdyyrukaqkyduxdpiclukxwpoonlvwuxbsys 374
efxnoaqzkgrwqgmjgnssavrizwojvnlzukokkejumcsejeoptghtdadewunthyudiinuowoabifkmvbhdicikgmiaccjcwmnhzhv 376
xyyygfkvclchvfpfndqpfsykqmxznexmcvllcvgejilepcmcfcrnwrxmfuosalffisqkpwqygdfyframvuzrnwftstnteuymoqye 381
wlmwbzounjrodoydtfrfoeoodfabhajdnybqxrkmabcesajngasweikjnmkunvzctbtsufgvjjbbjkqrkinqrxzgkldziedehyyc 383
bhkaikrkwqqawfodjuhtlfcqwiqwgrshyfjgpatnsjnqqdtbycvlixcghufnlxwkefsthnjcyyupcoqcslnckrjrmoeznalshenp 399
moeutlsycvlxpmqejwxbrnwyhumyklcybivvunvykiybvqggmfjesgcccqanbenfoiakyxligjkdzqjoxsusyyubowqscfxsozdo 421
ewcuoeegwctdrkcpkxoyyqbculdzgoqnkvjaznjxrebirdzbcnzaeddaoizxwrmimvjlkulcaomrtmtvbuxhxchokgliyzrmwaai 422
wowezihaasoyliqlimoxkgpomogcnlqlzoqazzbzspzfarsifhhrpwfbkofzzxlbmbbnccmuuobufuendmesimwvabuzzhcnkean 450
bpceneobtyfiiteddccupsdmclhoogqqvuuiykmritbsnfysjaoasrmxcwlrcdjzyfjypvszrtsebqymsmnnebmgxzzbciacnkbe 370
dvkhekomzdhbpmkfnpqrhzutifygzvxethmxuclvhsxxejcuaulhthdeobknzkssrgrnkcjruioattuvnfdjoipclzskjmcdutse 375
amygfaqwhxvcawplmeavuczrcvcbbunbhniopymwxhyydnlptnnnqmgsiitjfinmxvcmvoiswiszygrrtehjsndayymdgzrdwtpt 385
jznfkghkoadhgktyawbyvpddqujmpahaauimaryqrbyzotzoraomrtshpbvebcgdxopzfnqyrqzflzvcblrtejctkyzlafrzugbb 397
swbtqilwzlaepmcpxghxxciiltewmzghxhaopnmqzmuozxdyfmvcrgncbtzosfxsozifnuwmgsahpffwtdbklopmhqacxzwlzeqm 397
vbxrlmsehmawufhinwnawflhtpmnlhtiiqawcsalgciajplymazkhmtabipopixzyxvdryozayckonicpjowvhwzrnngvkgtjdyc 404
dvnpsekkwjboatzeuysyyscyosjunyxqtnhnruapdbedwfjqdbrdtvckqnedldwfqfuizuzcyfhukrnnuerqzvapigvujtbcyvmy 405
wrcpjbuuarwccnxgyzzixywadnbzvcdtvfiegeajvxnxmmdnlevlctnigohermxmrgtaktlisafhmluzprkulzctolxhyvvrdqtn 407
qlcqrmkbdzrzdipffpwnvtjhokjngvnygpqzbabgasgfcxmhnlukggrvqckyzxyioohsrkatcgaggpnvakfiqzdidpjdmhldysvp 409
hteyoyepqcciprxvsjdsidtnnurdgujnpnoensvdvxomoljjxmbhrwwhsokyktoajcgyubcrzsfpfqacdbmwaidsyptllhlwlruh 410
sjzzkhwalncqwbebrmkuphrcpaibqmolvpmfzigkwkculhxcthylrsngsxjlkzwfpinorvapfclsjjxfsxqjpfrkddvpctwtbjju 352
jqrdywsabwhnehryhxguleaqllbzibpttgxtervhneutlntvlcrygtoueptmqkilqhfxycenhbiuobrbdjzmcnijdbxvnfjfmqcm 375
imajiuxaocqqyshozrzrdwwknygfmrzwgchqwfrmjhfhbmvafutitssiqboeupdarktorkcathiuvfwbaslvkgdchtjbjmeayxqq 383
jvqccyyyewbgoodyugddcmhlynnwkgmtbfxdfxdltgrivwirdlxhxeuxrhudniyqnxutuzgniyxdwgwbtvitzcqsmmxzxvqmsmho 385
hmatqgtselbacvwsnqxkdazflidiwdxfqxyiercieekgbiapzabcaajoknwiqwoitmqzgvkkzutaftretsiwurkeeinxedfapybv 389
rmdksbvltthvthvglfliccrhksuomqqfctqvxliqgqozzlfnqsvuvmbhgyytooytkqohdyzkqpjqbrdtjyogmrosrmngcozoepvk 390
gjlnmxixiheaewkucdghgbwlusexeoumzfaneilmprnvozrsexzlyxyupcuvsoisvkfassojkbgacyshvruwossfumbpalhyvoyp 398
nvugmfwnwzhizxonoehgsvovjpjpghzvetbqbxexynfxmwkaasitpyqanzpvirrmksdnsjlqysqkoakpuvkjtajjbbeksxweqbsk 409
kfaixqsotffpcpzvrkgsnlcfibmacemplpzihuyazfqburyldfgtskyclmfqsrhdggooamqbsieobdcfkiyesyggnlyfdfjlnxzo 410
nocvobakjzmduuwuzoolbomajemequsgiwbwacgjbsoxpmtobizewnehsqnkkiqsguqgyzqbrgyitsyucxaynehfuxphfiblcsua 425
dsiwxwrppivreowldrexloegwxeifjvkdfgdexsthqmmelzjcdipsoyolcytludrbkufjmarcpficesejcvbrvrexqzlmdcnpwvy 358
fnfyfbmbvbnqtfrkudifuoempffkbjwhyefdftfcwutrckcwqmdkaixpncaolyxkcfpiyumvrfmtqqrgcwqdepsttuifthrvmgfn 368
ivrmesyshbvjdmzrbhedodsufguobqclovzsnxnwzifcwgvxnadefxylgvbhldubytwmqjirrqwnwrnmtsqbpomvjpexsayqtwem 379
gnmhjtrzbjyonhugwyqnmozbbtvvgrfmfruqmnqpyqdozxuxxmkjblmeekambfziyvzkirzghfwiergcdsneecjkmlxpswysrxeb 386
schbepzptsypwcuybhxcefvnybvwpxehbokfdjwwewoaykazrzeyfzlfaibshhzkxmrbvpzblpdmaentdrrkrertpslwcnjzzacw 390
fofnutqxygzgldrzykaaetbqydvmuutblaqhugeupdaaiubhgcjlvndwqainvdoidfpznvtebuhjqiswkejgrocjpmwmpnuusluh 393
iglxzejyqdjmwhlkilzkvjpadvhbomawvnvuthujkdxjnltvwtirezuhudjkplimydjrmdcxjagwlbtjwbcdcwmwbxiriqfiwozi 399
kxrnowvqcpwmssplphrnzrynwaclyxjixbxlzvcckyoesdrimjxncvayxdlxauhzxflzapbmprtkwkulvryzozxncikefreewrdy 408
ofjxkgfpzntcgijkkuuyhrozpotinxldcvandhecvxgbfpnqlhqsbgtsumbjjmmmjobmwfqtexwjmjbysuqtakoxypiidvwnlzbj 418
gsckpyvdhzdatuvvgjueadoeaktlluvroxbdwzjfymhtidqqolxpolvoyobjkwdzweeufpzdchykmpdcaarqnmgnchxneaoagsum 431
gdqoanqqlwpubnkuoklensxxkdlnrwpzbhncudshaiedxozlykrlerkquyeluvkyczayeuheeljbzioxugkzxxptvverqqpsrrsv 372
qylqtarzkuclyocsjrmjwqhyjahuayhrzujswatgvxtvlwnwpcfnsmldmvaptjgudrmzrhhoealpwzlndrbxfocsjchflpzqgopz 375
uordlgzjpjmghphgreanietjutjdccjwqdcclblalaiurqaiuaycgtnbmygqarprurvgsiifkrzbhcmdckhlfuoruwhunynkpkqk 375
jpgfiywiglywlnzpzerzoymemspkospahwfrwezdpxzamarofknviaavurhkjxksvsjrwkunhvnwwgkdrxazxcutucefboyyijre 377
mpvsuhpiddmrvfmfmtlrjdacuwxgwbijqddlmutpxhivnwabpnuztwdntavpefaukdhwadoxkyuzvxckkwldtptmrqdvygqilxhl 385
tapfrrhatvdxfkkkgydcumxklmuczmmsmezexggsbmpiwcufaxhxmgjzvdbupqodwnjtuqlxcciagchjcpioxrnswqongcqcqaxm 387
vzpiozojzwcgsgpxhodvpwodghoqujcpkuaytohvmmbeusddhiyyembkwpdqafikbkixassogvvaqyezhexntzapqdhrkpdmbojb 391
avlnvfmqcpdplougdnuvgaqggiorgvdisqxovkgyzjnmyhvdxpyfprlxzbphzustkphfzqfazunzeiddzbkruvouydbxztrjjark 392
macqllunuimoqxpnwfiramkteclxtgthgvytgsgcctttsiionrfqfrlmtwjnecukzueiomktfdmxmulbnsttkefddoshtpuulaca 404
vwqaxbpvcbjfsmczcfrmjarxrsnzgdzcbrcystwxuhcovhoxohjzkcwdxkddpehqvjrpfnmburqpagoopapbcmfbykfnomflywaf 405
ciwddxzaqdhoyopzqgaumkhmqnbjrgiuqezwbzwucdictabjgdgunnjfcmqtsznldnhhofbskluelxnscvorkxwmkpgeovptkycy 346
ocpuvbdqradwjsmqkfimqaiulyfydferjvlhxrxqtbncvbsfharzdcvoaaofityromyndyewbtbwwtbfwvgbzcpbcfimygepsecx 349
jhmwgzcsljttscwmhdcbubipucnvytljcxgjwkbkuudoyzaieelagtpcvexvxifcfnlexmorjtihuiryndavwrxuvupuduwkjhoh 354
oenybpiapzbrbbtkylaewwriarfscpuqwhrxxbzmaafbbanznnfjkxrmqzgvoankjejgfjvhlcindxoslwcxvvllurglruxaahjg 356
nmmsgdwzheyntuyeuttcwrcoahrrduitgwlmzhnimlxfhylcreepwjdyqwrvqaowwbkylxixiieqgsuzwarujutbrmxhmlglpqja 365
lxhbokampjeusovebceqjpnsewvnzaamxipnspajygfsubyydcoosehyaenbeopeyftsuvbvcgnyjowpqnfiroitvwxbmmfkrbco 369
wcafvioptgpilpdjgadduvyzrukbcyiydkfyvvqobhyoxbyfbbjxwjxqdhrhhbhklmliidwlkuajxapabayajxqogjwnkdyxqlia 370
sendiysnvjgififadqnajulaqkdqrmylsmpcmjqhuwszezbjsplblyebjhrcvsopefrsqhbldtmjtovlfgoqhsrqzkswcininfae 383
wdjylyxxmvmfkrpdiyzdwweikmucnwsjbdkodjlsgxxrrmwzmvektiseuoijkatnffcionaunxnemkfyhjjbrdhosrxetssyzwgp 410
otxyddqlvkluleouyjwrwvbkihvxzgxpcwqfagrxtergiicityarvdcemzblizdmvtrxbkvuoocywfhsfjjbmlfynglxhojdhacl 414
