idadghqkxlzdusmwowpowyntlk 79
abyaxjxykmtazvrycxgxlxsbif 87
kxazntpmcpzgggtmotolmjejrl 89
tqzgzmepfndizcvrttvfhrklxu 89
ebbhgqdhdsgdvqbemxwtakkvgo 91
fnepspejrhawktyyjzwlvvpmms 91
lpoccrdbrcmqawcuybrpbvpita 104
nwblpxybhxhwwrfbmovwerjyeu 105
qczevhixmqhcaenbjjtwfhuwxr 105
wlmkxemwkjfshrkowkulldxebc 107
kdmrsbijwueujgzrokcpgqpsgt 78
rojsbyjgvgrhasdajwujvvfydl 91
daqtrdhnxbjzkmajwcgkfhnpfc 99
xknhwphcwcycphukhnfoggszqr 99
mnwsstchbaykcxmbzdkvprjvhr 118
qwuklepyxjbiszewtqdshtfjil 118
gqzohdozwhedwbghbrtdarfibn 120
celjfcaoubpfhklatoswobukks 121
zzehtwenirtyrthsbcrhylxdfe 123
pqcuvlkuztxptuyzzwbieezxhz 125
mbwytdqjqwekkjhdnssvvmnjwf 87
fzdswnttzfeekzhabzdpjmvrxe 92
vqxuvrirwyrdsmfacdixdvbeqj 95
uwnjznbkeeblbxjqkauodvcqvq 97
toufpaesucfovgtamdbtgcvjtg 106
izvmkjdeubqaqaojjggkjapokz 109
mrsjwkfnimthqxbcrcfkkrnblv 109
ysjrbrexuyonrcedbmlznbqbwl 109
ilubtrrrmokwiiwznrnvtrybpd 111
rupwgdzecskubcqgmdrtgeoacj 121
jrrsrjyhjzarmorzgosfcxxzey 86
eqrfsayltsvtzgsbxgqrhyfcdh 89
haukivnsdnjcdesvawiouqebqv 97
dbeyulyqvimkbrymtbsoytmiji 98
qfqzzqgmmanrvrxlepxfbdlrza 100
ahnutydteeqlslbjgequnqsqjy 105
wylvjdzlptgqgsqjueijvkytrm 108
ljzgzvemtqpubgojywdqfywqjs 109
baifyoxpvqsublmygnearcjhts 111
qcblsvznmaaamzopanxhoqpnuq 118
qvpyoyojbmdmffkpeljjzjlqbh 87
vvylhogxoxvcgwrliwrunvhxgj 91
hbpsjtsxhudezpaeiepjneyfxj 94
wfqhpqvzjfnduatvnzsisahdfr 102
xselmlocdyvxxeuakvrkczqtif 105
sjagxacieidcojduxeixvomvii 106
isbjbwhzioqqlengjvfajpyamm 107
xvleetyfezelboarenxuwgrbia 111
dalocgxdmufqejzhnpsqjpvtos 121
iqubysirayjxzseoxaqswdsook 121
kzlvgemmakurjohjfhdjckdqdy 82
spbynhrstukfiyyaxexjhldaij 84
usujbllvpitrfyowswcpmsaqix 88
eyyfqrmmsdghomwjsmsjkeljnh 91
tqgwyiozuoyoauevfsmtsonhdi 94
qbtcxycxdvorhgxqqlcoxwaphl 98
aorjxmyyknhdibxsgfqefqldbs 99
grfkbqlmlrszgvjcoutxdyeiji 106
qguzpupjdoveohrwkzzhufomlt 107
bsbkxzukuotlnqmycsnnubwble 118
ldofakcwdbsuaxumrxthnukfhs 87
rsldtcqrjojfsbomfbtrdbyodj 88
tjsedjwqprsfkdvtinxycebxxe 89
awvghopcuulskckfiuifqtvptx 92
rlyexqucsjucngjaihlajcghlr 99
gqloqyreftohptljnliixzhsju 104
uzgfvvausocgrzktovcxwswowi 105
otzvohobveboihhzqysbkiossm 106
vvwtzwrwcymuagoobbqliahsgx 109
sncanqjcmfnayjrbrewglkfrma 112
wgaluxmjjvvbkqagrflilzycbw 73
esyaktyhhijojredwkfpyjnznh 80
tvwmkafbgnufgcslcwbdutruoa 85
zbdxjeticxgmdwwidqnxlxydcm 85
bwzxexkeokdfrestibsdmxpymu 88
sivjvsswdovpzfnugxkidcnrmb 91
dtqggrxtilfydobysnxvhkbxws 103
vgblgidgiqzgxirizazdgxnnmn 104
xbnkjkqmvyuzffpglopcyofxrl 113
arlpnkqqjbvemxbslgqjptzetn 117
lsgcmbmvvrepdstrwkrtlgshvl 88
vnynjikdjtzodjzkuzcmmluwmp 89
fzbityxrlhbvmmonbuxcercifo 92
tzkfpsgscaqatdjvyxjpkkjjnp 93
zxfckcqjmtkpxvxuncsiqzwxpu 93
vmwkdbbcjiwscwtofnfpyvtlxu 97
tkhsfjrklemcpaxbpxworlqluj 99
crzifshsaymgsoikqcnbzmykdl 112
kvtziudkileiysslhhjytjnlds 112
bccnfsynlilpnwpmamqrfjkdqu 122
ybhbxgevcmgwwdsxutbyhjggmg 76
vmzxdabkbyrhtvtbrselpbfqzo 86
pyqmkkbhzatfffanfstzomzdao 91
vlvucwbznprpfluuemnvuojykz 93
nmbjnketunmfxbxwkoyxqgxeuf 97
jtekjtihnsxhranbhammgfavze 100
jxajbqvczkogdjvrostlqdbrdt 100
zayvijsiuvarzcboigzdynytao 100
bfxpmscnsfptptriamdunvmugd 101
nyythpszbekfnjfgqmnsbsmvub 109
dmfysfwbjrrnqbckvxnwngiaoi 77
hybsjwjdgewpmwplbgkvftyitg 91
ayhbtqcwknutsbzosmnixqqkmv 95
sptksrhiayxfqzsxjbbzfsdbbv 95
ytblimiuvgtnlppmkrqflkeiqd 95
imfwwaaohdmcjiqycgxqpkszch 105
teshbvtgwonspymhnckqohpcec 105
kuljyxscvzbtccustxxeynglks 110
xwojpocsaneijcqcrbtgqexglj 115
micyhxwaabqrbcizqamvmnhjlp 117
sbnygywqrvrickiwtepoljayak 92
ggossztyneogozrvovqapkedfw 93
gccjtumgvverlwodgtpppkvgyh 95
uozroahvagscmjqhvrdtcjmuyi 97
lvirzzrfsathutuhsklrhicsbo 100
bqgzxxaeolukbuylgtqnuqhrej 104
laeljqtkilgpbvkuremvqlmoal 107
pydthmnszlnzqexvvljtmzawgf 111
khzqqwgqnvqwsscmxqvnxqgcmk 117
pbfrlotnzmimufhzyuxozdhouy 118
gtcwvrzupvhbvinlxzdbihtvss 69
zshdynkuietkgjpkhaeletvhjj 79
tmdlxlhcictjwkffnaobnncqok 82
zihtccffofqvhazakvnpdaprde 87
vuizljtsougzqodkajtrvcszoy 90
jcyjzzozfpreccjjngzqyxnygr 94
aeagbrxljcejvqdqwuzjepkmyi 100
efwusxcbqeexjsccpjcommlzdo 105
nqdlyopxyowondfgjhiuqxbroz 106
pbzvummzzmqojqchesmjywsjsl 117
bjaflcqkaqyhnujyelxuvmylst 87
zbwklqhsnoabtfxqwsrnsrcodn 93
piuiunowmeiqqhpptnhprygncc 98
rccdrdenorfxkunkwhrvxonqdi 103
uxhuehmddwwpszqaxntmlbwplp 104
hfwlvnpzqgdwvtocqyxgkvndqm 107
cjwxzmfvwblkaxoipeqetltdbk 108
unpiohvvnpanteaigfmztplwyh 110
asxwhtlwbzgyvtnxiiciskpfji 112
tgcwokekxzzmysuboruevnesvq 112
jjqmrjplxlfxkcyjkzsrfbjqci 79
kutzbofgezakgsqtnjrexytovd 85
zlkqonshsericsvvvxvsytvxci 86
pjkqwvaohtywexjkvumvfywzrb 95
rpktzedkmwwgyapqyibasxgupf 96
batfkkowblrdzawzybxhnudbpk 97
rbtmwsaxuayibhhehqlazzfazl 100
rilisktcchpwqjciuecrzaowun 107
ecqtbapvctlhzpicbruumhddlc 113
ufdouuffpeltqxpofpoxhoflox 122
qrlxiarpmczetgpbrfrsvhlxyg 88
khwnybajynedbrteychdqlqxap 89
hodygvrtuctlrhpsliyclrjdjg 91
nremlkspekijooboqrcotiqwqr 94
dmixltcmnocfgddoekfpzbblel 95
ifbumossaxfbhrkmwmmbhzblbr 99
mwekfnbilhfdczfvlyccqplruw 102
eecustcdgsyzqmyadabibtbthp 107
hdiugmaaomzqprvtbwzdhofkql 119
pilnnuryozkpzydzqssmotknxr 131
sixgebnfdbusvbltejduykledu 82
xszciwbrvnermwdfoegmwkrwld 95
cgzzmnprgrwbwhpofrethydpip 97
bwkfptvohgqcfhvisowdfludfn 103
hoxmlcvxotbjqnlrprvsrrsubn 106
cgmmyeuxkazzfcdawabjthtwbt 108
rapnymhyopurhpflgtkkayohmm 109
rdlejceyrclycbqytxoakwvuiv 111
ondrcfvejmqyzqlqrkgimaaiow 116
uzjxmlvwskrpbzyrddazmspkww 123
pdiautowoukervjgxvytcejxvn 74
rakctbhbdcurylnkpefymftlyx 90
wcjimbjigmzbnszmowmsowyfwv 90
zaqkvmjatyxfzxadetzoavdkjq 91
nsrspsuhcrulrpmrulououppjp 93
sowabxdazfridzqqwfuagcpwmj 94
bbyzarjxgglupeezgnokuumlpa 98
rhxoxoohshkajncfgcqtohzuhl 100
kobteonxidpcksugdnvrerculr 103
qyufbpvzrwzwwabqigpaxlhtnn 104
ggohmfzyfaefxqgyoqefodmczs 86
higeezjviekrhfqomxcgesoejj 94
uyuebbmjhslrntvxmefcstzvbg 97
fzdlslrisfnsduujbszhqqawvo 99
gjrnaaspxasclpcoeebcvvtktj 102
pqkabgyvkzywkgpvzeouecylet 104
hfnvgdfiuxdnclypropyqcllaw 106
qicpssrdiimgqyfanmuwjtjser 112
qbiopjxilzhnfshxzljlhnawnz 117
bjsabxbelureekkuepoyzssazk 122
